// Jest Snapshot v1, https://goo.gl/fbAQLP

exports[`primaryBackground matches dark snapshot: hsl(211, 42%, 50%) 1`] = `"hsl(211, 42%, 50%)"`;

exports[`primaryForeground matches dark snapshot: hsl(211, 5%, 93%) 1`] = `"hsl(211, 5%, 93%)"`;
